2003492.6997977528, 1958110.8153535253, 2845411.0697170007, 1845609.6769995461, 1660685.2565453274, 1944683.392157566, 1054292.2935121302, 2452928.1400311124, 1715425.7596540798, 2736053.898933739
