25.56872704454252, 213.54965417571452, 33492.84907330816, 130.47944147460848, 76.31269737995345, 112.35372156380555, 111.16902462792133, 330352.239688471, 301331.7156865267, 63647.70236284883
